# Cleaned up test output
